HOME  .
QUERY 1x0s_proa.orig_init
TEMPL 1x0s_proa.orig_build.pdb
RESIDUE     1 A  Q     1  _    -     -  -
RESIDUE     2 A  A     2  _    -     -  -
RESIDUE     3 A  Q     3  _    -     -  -
RESIDUE     4 A  I     4  _    -     -  -
RESIDUE     5 A  T     5  _    5     1  T
RESIDUE     6 A  G     6  _    6     2  G
RESIDUE     7 A  R     7  _    7     3  R
RESIDUE     8 A  P     8  _    8     4  P
RESIDUE     9 A  E     9  _    9     5  E
RESIDUE    10 A  W    10  _   10     6  W
RESIDUE    11 A  I    11  _   11     7  I
RESIDUE    12 A  W    12  _   12     8  W
RESIDUE    13 A  L    13  _   13     9  L
RESIDUE    14 A  A    14  _   14    10  A
RESIDUE    15 A  L    15  _   15    11  L
RESIDUE    16 A  G    16  _   16    12  G
RESIDUE    17 A  T    17  _   17    13  T
RESIDUE    18 A  A    18  _   18    14  A
RESIDUE    19 A  L    19  _   19    15  L
RESIDUE    20 A  M    20  _   20    16  M
RESIDUE    21 A  G    21  _   21    17  G
RESIDUE    22 A  L    22  _   22    18  L
RESIDUE    23 A  G    23  _   23    19  G
RESIDUE    24 A  T    24  _   24    20  T
RESIDUE    25 A  L    25  _   25    21  L
RESIDUE    26 A  Y    26  _   26    22  Y
RESIDUE    27 A  F    27  _   27    23  F
RESIDUE    28 A  L    28  _   28    24  L
RESIDUE    29 A  V    29  _   29    25  V
RESIDUE    30 A  K    30  _   30    26  K
RESIDUE    31 A  G    31  _   31    27  G
RESIDUE    32 A  M    32  _   32    28  M
RESIDUE    33 A  G    33  _   33    29  G
RESIDUE    34 A  V    34  _   34    30  V
RESIDUE    35 A  S    35  _   35    31  S
RESIDUE    36 A  D    36  _   36    32  D
RESIDUE    37 A  P    37  _   37    33  P
RESIDUE    38 A  D    38  _   38    34  D
RESIDUE    39 A  A    39  _   39    35  A
RESIDUE    40 A  K    40  _   40    36  K
RESIDUE    41 A  K    41  _   41    37  K
RESIDUE    42 A  F    42  _   42    38  F
RESIDUE    43 A  Y    43  _   43    39  Y
RESIDUE    44 A  A    44  _   44    40  A
RESIDUE    45 A  I    45  _   45    41  I
RESIDUE    46 A  T    46  _   46    42  T
RESIDUE    47 A  T    47  _   47    43  T
RESIDUE    48 A  L    48  _   48    44  L
RESIDUE    49 A  V    49  _   49    45  V
RESIDUE    50 A  P    50  _   50    46  P
RESIDUE    51 A  A    51  _   51    47  A
RESIDUE    52 A  I    52  _   52    48  I
RESIDUE    53 A  A    53  _   53    49  A
RESIDUE    54 A  F    54  _   54    50  F
RESIDUE    55 A  T    55  _   55    51  T
RESIDUE    56 A  M    56  _   56    52  M
RESIDUE    57 A  Y    57  _   57    53  Y
RESIDUE    58 A  L    58  _   58    54  L
RESIDUE    59 A  S    59  _   59    55  S
RESIDUE    60 A  M    60  _   60    56  M
RESIDUE    61 A  L    61  _   61    57  L
RESIDUE    62 A  L    62  _   62    58  L
RESIDUE    63 A  G    63  _   63    59  G
RESIDUE    64 A  Y    64  _   64    60  Y
RESIDUE    65 A  G    65  _   65    61  G
RESIDUE    66 A  L    66  _   66    62  L
RESIDUE    67 A  T    67  _   67    63  T
RESIDUE    68 A  M    68  _   68    64  M
RESIDUE    69 A  V    69  _   69    65  V
RESIDUE    70 A  P    70  _   70    66  P
RESIDUE    71 A  F    71  _   71    67  F
RESIDUE    72 A  G    72  _   72    68  G
RESIDUE    73 A  G    73  _   73    69  G
RESIDUE    74 A  E    74  _   74    70  E
RESIDUE    75 A  Q    75  _   75    71  Q
RESIDUE    76 A  N    76  _   76    72  N
RESIDUE    77 A  P    77  _   77    73  P
RESIDUE    78 A  I    78  _   78    74  I
RESIDUE    79 A  Y    79  _   79    75  Y
RESIDUE    80 A  W    80  _   80    76  W
RESIDUE    81 A  A    81  _   81    77  A
RESIDUE    82 A  R    82  _   82    78  R
RESIDUE    83 A  Y    83  _   83    79  Y
RESIDUE    84 A  A    84  _   84    80  A
RESIDUE    85 A  D    85  _   85    81  D
RESIDUE    86 A  W    86  _   86    82  W
RESIDUE    87 A  L    87  _   87    83  L
RESIDUE    88 A  F    88  _   88    84  F
RESIDUE    89 A  T    89  _   89    85  T
RESIDUE    90 A  T    90  _   90    86  T
RESIDUE    91 A  P    91  _   91    87  P
RESIDUE    92 A  L    92  _   92    88  L
RESIDUE    93 A  L    93  _   93    89  L
RESIDUE    94 A  L    94  _   94    90  L
RESIDUE    95 A  L    95  _   95    91  L
RESIDUE    96 A  D    96  _   96    92  D
RESIDUE    97 A  L    97  _   97    93  L
RESIDUE    98 A  A    98  _   98    94  A
RESIDUE    99 A  L    99  _   99    95  L
RESIDUE   100 A  L   100  _  100    96  L
RESIDUE   101 A  V   101  _  101    97  V
RESIDUE   102 A  D   102  _  102    98  D
RESIDUE   103 A  A   103  _  103    99  A
RESIDUE   104 A  D   104  _  104   100  D
RESIDUE   105 A  Q   105  _  105   101  Q
RESIDUE   106 A  G   106  _  106   102  G
RESIDUE   107 A  T   107  _  107   103  T
RESIDUE   108 A  I   108  _  108   104  I
RESIDUE   109 A  L   109  _  109   105  L
RESIDUE   110 A  A   110  _  110   106  A
RESIDUE   111 A  L   111  _  111   107  L
RESIDUE   112 A  V   112  _  112   108  V
RESIDUE   113 A  G   113  _  113   109  G
RESIDUE   114 A  A   114  _  114   110  A
RESIDUE   115 A  D   115  _  115   111  D
RESIDUE   116 A  G   116  _  116   112  G
RESIDUE   117 A  I   117  _  117   113  I
RESIDUE   118 A  M   118  _  118   114  M
RESIDUE   119 A  I   119  _  119   115  I
RESIDUE   120 A  G   120  _  120   116  G
RESIDUE   121 A  T   121  _  121   117  T
RESIDUE   122 A  G   122  _  122   118  G
RESIDUE   123 A  L   123  _  123   119  L
RESIDUE   124 A  V   124  _  124   120  V
RESIDUE   125 A  G   125  _  125   121  G
RESIDUE   126 A  A   126  _  126   122  A
RESIDUE   127 A  L   127  _  127   123  L
RESIDUE   128 A  T   128  _  128   124  T
RESIDUE   129 A  K   129  _  129   125  K
RESIDUE   130 A  V   130  _  130   126  V
RESIDUE   131 A  Y   131  _  131   127  Y
RESIDUE   132 A  S   132  _  132   128  S
RESIDUE   133 A  Y   133  _  133   129  Y
RESIDUE   134 A  R   134  _  134   130  R
RESIDUE   135 A  F   135  _  135   131  F
RESIDUE   136 A  V   136  _  136   132  V
RESIDUE   137 A  W   137  _  137   133  W
RESIDUE   138 A  W   138  _  138   134  W
RESIDUE   139 A  A   139  _  139   135  A
RESIDUE   140 A  I   140  _  140   136  I
RESIDUE   141 A  S   141  _  141   137  S
RESIDUE   142 A  T   142  _  142   138  T
RESIDUE   143 A  A   143  _  143   139  A
RESIDUE   144 A  A   144  _  144   140  A
RESIDUE   145 A  M   145  _  145   141  M
RESIDUE   146 A  L   146  _  146   142  L
RESIDUE   147 A  Y   147  _  147   143  Y
RESIDUE   148 A  I   148  _  148   144  I
RESIDUE   149 A  L   149  _  149   145  L
RESIDUE   150 A  Y   150  _  150   146  Y
RESIDUE   151 A  V   151  _  151   147  V
RESIDUE   152 A  L   152  _  152   148  L
RESIDUE   153 A  F   153  _  153   149  F
RESIDUE   154 A  F   154  _  154   150  F
RESIDUE   155 A  G   155  _  155   151  G
RESIDUE   156 A  F   156  _  156   152  F
RESIDUE   157 A  T   157  _  157   153  T
RESIDUE   158 A  S   158  _  158   154  S
RESIDUE   159 A  K   159  _  159   155  K
RESIDUE   160 A  A   160  _  160   156  A
RESIDUE   161 A  E   161  _  161   157  E
RESIDUE   162 A  S   162  _  162   158  S
RESIDUE   163 A  M   163  _  163   159  M
RESIDUE   164 A  R   164  _  164   160  R
RESIDUE   165 A  P   165  _  165   161  P
RESIDUE   166 A  E   166  _  166   162  E
RESIDUE   167 A  V   167  _  167   163  V
RESIDUE   168 A  A   168  _  168   164  A
RESIDUE   169 A  S   169  _  169   165  S
RESIDUE   170 A  T   170  _  170   166  T
RESIDUE   171 A  F   171  _  171   167  F
RESIDUE   172 A  K   172  _  172   168  K
RESIDUE   173 A  V   173  _  173   169  V
RESIDUE   174 A  L   174  _  174   170  L
RESIDUE   175 A  R   175  _  175   171  R
RESIDUE   176 A  N   176  _  176   172  N
RESIDUE   177 A  V   177  _  177   173  V
RESIDUE   178 A  T   178  _  178   174  T
RESIDUE   179 A  V   179  _  179   175  V
RESIDUE   180 A  V   180  _  180   176  V
RESIDUE   181 A  L   181  _  181   177  L
RESIDUE   182 A  W   182  _  182   178  W
RESIDUE   183 A  S   183  _  183   179  S
RESIDUE   184 A  A   184  _  184   180  A
RESIDUE   185 A  Y   185  _  185   181  Y
RESIDUE   186 A  P   186  _  186   182  P
RESIDUE   187 A  V   187  _  187   183  V
RESIDUE   188 A  V   188  _  188   184  V
RESIDUE   189 A  W   189  _  189   185  W
RESIDUE   190 A  L   190  _  190   186  L
RESIDUE   191 A  I   191  _  191   187  I
RESIDUE   192 A  G   192  _  192   188  G
RESIDUE   193 A  S   193  _  193   189  S
RESIDUE   194 A  E   194  _  194   190  E
RESIDUE   195 A  G   195  _  195   191  G
RESIDUE   196 A  A   196  _  196   192  A
RESIDUE   197 A  G   197  _  197   193  G
RESIDUE   198 A  I   198  _  198   194  I
RESIDUE   199 A  V   199  _  199   195  V
RESIDUE   200 A  P   200  _  200   196  P
RESIDUE   201 A  L   201  _  201   197  L
RESIDUE   202 A  N   202  _  202   198  N
RESIDUE   203 A  I   203  _  203   199  I
RESIDUE   204 A  E   204  _  204   200  E
RESIDUE   205 A  T   205  _  205   201  T
RESIDUE   206 A  L   206  _  206   202  L
RESIDUE   207 A  L   207  _  207   203  L
RESIDUE   208 A  F   208  _  208   204  F
RESIDUE   209 A  M   209  _  209   205  M
RESIDUE   210 A  V   210  _  210   206  V
RESIDUE   211 A  L   211  _  211   207  L
RESIDUE   212 A  D   212  _  212   208  D
RESIDUE   213 A  V   213  _  213   209  V
RESIDUE   214 A  S   214  _  214   210  S
RESIDUE   215 A  A   215  _  215   211  A
RESIDUE   216 A  K   216  _  216   212  K
RESIDUE   217 A  V   217  _  217   213  V
RESIDUE   218 A  G   218  _  218   214  G
RESIDUE   219 A  F   219  _  219   215  F
RESIDUE   220 A  G   220  _  220   216  G
RESIDUE   221 A  L   221  _  221   217  L
RESIDUE   222 A  I   222  _  222   218  I
RESIDUE   223 A  L   223  _  223   219  L
RESIDUE   224 A  L   224  _  224   220  L
RESIDUE   225 A  R   225  _  225   221  R
RESIDUE   226 A  S   226  _  226   222  S
RESIDUE   227 A  R   227  _  227   223  R
RESIDUE   228 A  A   228  _  228   224  A
RESIDUE   229 A  I   229  _  229   225  I
RESIDUE   230 A  F   230  _  230   226  F
RESIDUE   231 A  G   231  _  231   227  G
RESIDUE   232 A  E   232  _    -     -  -
RESIDUE   233 A  A   233  _    -     -  -
RESIDUE   234 A  E   234  _    -     -  -
RESIDUE   235 A  A   235  _    -     -  -
RESIDUE   236 A  P   236  _    -     -  -
RESIDUE   237 A  E   237  _    -     -  -
RESIDUE   238 A  P   238  _    -     -  -
RESIDUE   239 A  S   239  _    -     -  -
RESIDUE   240 A  A   240  _    -     -  -
RESIDUE   241 A  G   241  _    -     -  -
RESIDUE   242 A  D   242  _    -     -  -
RESIDUE   243 A  G   243  _    -     -  -
RESIDUE   244 A  A   244  _    -     -  -
RESIDUE   245 A  A   245  _    -     -  -
RESIDUE   246 A  A   246  _    -     -  -
RESIDUE   247 A  T   247  _    -     -  -
RESIDUE   248 A  S   248  _    -     -  -
TER
END
